<html>
<body>
<pre>
<h1>µVision Build Log</h1>
<h2>Project:</h2>
C:\Users\Administrator\Documents\GitHub\fast_control_github\uCOSII2.91+UCGUI3.90A\MDK_Project\Project.uvproj
Project File Date:  01/15/2016

<h2>Output:</h2>
Build target 'Target 1'
linking...
Program Size: Code=55452 RO-data=27044 RW-data=296 ZI-data=21848  
FromELF: creating hex file...
".\Out\Project.axf" - 0 Error(s), 0 Warning(s).
Load "C:\\Users\\Administrator\\Documents\\GitHub\\fast_control_github\\uCOSII2.91+UCGUI3.90A\\MDK_Project\\Out\\Project.AXF" 
Load "C:\\Users\\Administrator\\Documents\\GitHub\\fast_control_github\\uCOSII2.91+UCGUI3.90A\\MDK_Project\\Out\\Project.AXF" 
* JLink Info: Device "STM32F407VE" selected (512 KB flash, 128 KB RAM).
Set JLink Project File to "C:\Users\Administrator\Documents\GitHub\fast_control_github\uCOSII2.91+UCGUI3.90A\MDK_Project\JLinkSettings.ini"
 
JLink info:
------------
DLL: V4.40c, compiled Jan 24 2012 09:30:33
Firmware: J-Link ARM-OB STM32 compiled Aug 22 2012 19:52:04
Hardware: V7.00
S/N : 20141017 
Feature(s) : RDI,FlashDL,FlashBP,JFlash,GDBFull 
 
* JLink Info: Found SWD-DP with ID 0x2BA01477
* JLink Info: TPIU fitted.
* JLink Info: ETM fitted.
* JLink Info:   FPUnit: 6 code (BP) slots and 2 literal slots
* JLink Info: Found Cortex-M4 r0p1, Little endian.
ROMTableAddr = 0xE00FF003
* JLink Info: Found SWD-DP with ID 0x2BA01477
* JLink Info: TPIU fitted.
* JLink Info: ETM fitted.
* JLink Info:   FPUnit: 6 code (BP) slots and 2 literal slots
* JLink Info: Found Cortex-M4 r0p1, Little endian.
 
Target info:
------------
Device: STM32F407VE
VTarget = 3.300V
State of Pins: 
TCK: 0, TDI: 0, TDO: 1, TMS: 0, TRES: 1, TRST: 1
Hardware-Breakpoints: 6
Software-Breakpoints: 8192
Watchpoints:          4
JTAG speed: 2000 kHz
 
Erase Done.
Programming Done.
Verify OK.
* JLink Info: Found SWD-DP with ID 0x2BA01477
* JLink Info: TPIU fitted.
* JLink Info: ETM fitted.
* JLink Info:   FPUnit: 6 code (BP) slots and 2 literal slots
* JLink Info: Found Cortex-M4 r0p1, Little endian.
Application running ...
Build target 'Target 1'
compiling main.c...
..\User\main.c(65): warning:  #1295-D: Deprecated declaration App_TaskLCD - give arg types
..\User\main.c(66): warning:  #1295-D: Deprecated declaration sort_list - give arg types
..\User\main.c(119): warning:  #77-D: this declaration has no storage class or type specifier
..\User\main.c(187): warning:  #1295-D: Deprecated declaration init_cap - give arg types
..\User\main.c(231): warning:  #177-D: variable "os_err" was declared but never referenced
..\User\main.c(724): warning:  #177-D: variable "DMA_InitStructure" was declared but never referenced
..\User\main.c(1199): warning:  #1035-D: single-precision operand implicitly converted to double-precision
..\User\main.c(1219): warning:  #1035-D: single-precision operand implicitly converted to double-precision
..\User\main.c(1434): warning:  #1035-D: single-precision operand implicitly converted to double-precision
..\User\main.c(1446): warning:  #1035-D: single-precision operand implicitly converted to double-precision
..\User\main.c(1581): warning:  #1035-D: single-precision operand implicitly converted to double-precision
..\User\main.c(1592): warning:  #1035-D: single-precision operand implicitly converted to double-precision
..\User\main.c(1738): warning:  #1035-D: single-precision operand implicitly converted to double-precision
..\User\main.c(1751): warning:  #1035-D: single-precision operand implicitly converted to double-precision
..\User\main.c(1023): warning:  #550-D: variable "status" was set but never used
..\User\main.c(1041): warning:  #177-D: variable "gl" was declared but never referenced
..\User\main.c(1042): warning:  #550-D: variable "wugongkvar_95" was set but never used
..\User\main.c(1056): warning:  #550-D: variable "ON_HOLD_para" was set but never used
linking...
Program Size: Code=55452 RO-data=27044 RW-data=296 ZI-data=21848  
FromELF: creating hex file...
".\Out\Project.axf" - 0 Error(s), 18 Warning(s).
Load "C:\\Users\\Administrator\\Documents\\GitHub\\fast_control_github\\uCOSII2.91+UCGUI3.90A\\MDK_Project\\Out\\Project.AXF" 
* JLink Info: Device "STM32F407VE" selected (512 KB flash, 128 KB RAM).
Set JLink Project File to "C:\Users\Administrator\Documents\GitHub\fast_control_github\uCOSII2.91+UCGUI3.90A\MDK_Project\JLinkSettings.ini"
 
JLink info:
------------
DLL: V4.40c, compiled Jan 24 2012 09:30:33
Firmware: J-Link ARM-OB STM32 compiled Aug 22 2012 19:52:04
Hardware: V7.00
S/N : 20141017 
Feature(s) : RDI,FlashDL,FlashBP,JFlash,GDBFull 
 
* JLink Info: Found SWD-DP with ID 0x2BA01477
* JLink Info: TPIU fitted.
* JLink Info: ETM fitted.
* JLink Info:   FPUnit: 6 code (BP) slots and 2 literal slots
* JLink Info: Found Cortex-M4 r0p1, Little endian.
ROMTableAddr = 0xE00FF003
* JLink Info: Found SWD-DP with ID 0x2BA01477
* JLink Info: TPIU fitted.
* JLink Info: ETM fitted.
* JLink Info:   FPUnit: 6 code (BP) slots and 2 literal slots
* JLink Info: Found Cortex-M4 r0p1, Little endian.
 
Target info:
------------
Device: STM32F407VE
VTarget = 3.300V
State of Pins: 
TCK: 0, TDI: 0, TDO: 1, TMS: 0, TRES: 1, TRST: 1
Hardware-Breakpoints: 6
Software-Breakpoints: 8192
Watchpoints:          4
JTAG speed: 2000 kHz
 
Erase Done.
Programming Done.
Verify OK.
* JLink Info: Found SWD-DP with ID 0x2BA01477
* JLink Info: TPIU fitted.
* JLink Info: ETM fitted.
* JLink Info:   FPUnit: 6 code (BP) slots and 2 literal slots
* JLink Info: Found Cortex-M4 r0p1, Little endian.
Application running ...
Build target 'Target 1'
compiling main.c...
..\User\main.c(65): warning:  #1295-D: Deprecated declaration App_TaskLCD - give arg types
..\User\main.c(66): warning:  #1295-D: Deprecated declaration sort_list - give arg types
..\User\main.c(119): warning:  #77-D: this declaration has no storage class or type specifier
..\User\main.c(187): warning:  #1295-D: Deprecated declaration init_cap - give arg types
..\User\main.c(231): warning:  #177-D: variable "os_err" was declared but never referenced
..\User\main.c(724): warning:  #177-D: variable "DMA_InitStructure" was declared but never referenced
..\User\main.c(1199): warning:  #1035-D: single-precision operand implicitly converted to double-precision
..\User\main.c(1219): warning:  #1035-D: single-precision operand implicitly converted to double-precision
..\User\main.c(1434): warning:  #1035-D: single-precision operand implicitly converted to double-precision
..\User\main.c(1446): warning:  #1035-D: single-precision operand implicitly converted to double-precision
..\User\main.c(1581): warning:  #1035-D: single-precision operand implicitly converted to double-precision
..\User\main.c(1592): warning:  #1035-D: single-precision operand implicitly converted to double-precision
..\User\main.c(1738): warning:  #1035-D: single-precision operand implicitly converted to double-precision
..\User\main.c(1751): warning:  #1035-D: single-precision operand implicitly converted to double-precision
..\User\main.c(1023): warning:  #550-D: variable "status" was set but never used
..\User\main.c(1041): warning:  #177-D: variable "gl" was declared but never referenced
..\User\main.c(1042): warning:  #550-D: variable "wugongkvar_95" was set but never used
..\User\main.c(1056): warning:  #550-D: variable "ON_HOLD_para" was set but never used
linking...
Program Size: Code=55448 RO-data=27048 RW-data=296 ZI-data=21848  
FromELF: creating hex file...
".\Out\Project.axf" - 0 Error(s), 18 Warning(s).
Load "C:\\Users\\Administrator\\Documents\\GitHub\\fast_control_github\\uCOSII2.91+UCGUI3.90A\\MDK_Project\\Out\\Project.AXF" 
* JLink Info: Device "STM32F407VE" selected (512 KB flash, 128 KB RAM).
Set JLink Project File to "C:\Users\Administrator\Documents\GitHub\fast_control_github\uCOSII2.91+UCGUI3.90A\MDK_Project\JLinkSettings.ini"
 
JLink info:
------------
DLL: V4.40c, compiled Jan 24 2012 09:30:33
Firmware: J-Link ARM-OB STM32 compiled Aug 22 2012 19:52:04
Hardware: V7.00
S/N : 20141017 
Feature(s) : RDI,FlashDL,FlashBP,JFlash,GDBFull 
 
* JLink Info: Found SWD-DP with ID 0x2BA01477
* JLink Info: TPIU fitted.
* JLink Info: ETM fitted.
* JLink Info:   FPUnit: 6 code (BP) slots and 2 literal slots
* JLink Info: Found Cortex-M4 r0p1, Little endian.
ROMTableAddr = 0xE00FF003
* JLink Info: Found SWD-DP with ID 0x2BA01477
* JLink Info: TPIU fitted.
* JLink Info: ETM fitted.
* JLink Info:   FPUnit: 6 code (BP) slots and 2 literal slots
* JLink Info: Found Cortex-M4 r0p1, Little endian.
 
Target info:
------------
Device: STM32F407VE
VTarget = 3.300V
State of Pins: 
TCK: 0, TDI: 0, TDO: 1, TMS: 0, TRES: 1, TRST: 1
Hardware-Breakpoints: 6
Software-Breakpoints: 8192
Watchpoints:          4
JTAG speed: 2000 kHz
 
Erase Done.
Programming Done.
Verify OK.
* JLink Info: Found SWD-DP with ID 0x2BA01477
* JLink Info: TPIU fitted.
* JLink Info: ETM fitted.
* JLink Info:   FPUnit: 6 code (BP) slots and 2 literal slots
* JLink Info: Found Cortex-M4 r0p1, Little endian.
Application running ...
Build target 'Target 1'
compiling main.c...
..\User\main.c(65): warning:  #1295-D: Deprecated declaration App_TaskLCD - give arg types
..\User\main.c(66): warning:  #1295-D: Deprecated declaration sort_list - give arg types
..\User\main.c(119): warning:  #77-D: this declaration has no storage class or type specifier
..\User\main.c(187): warning:  #1295-D: Deprecated declaration init_cap - give arg types
..\User\main.c(231): warning:  #177-D: variable "os_err" was declared but never referenced
..\User\main.c(724): warning:  #177-D: variable "DMA_InitStructure" was declared but never referenced
..\User\main.c(1199): warning:  #1035-D: single-precision operand implicitly converted to double-precision
..\User\main.c(1219): warning:  #1035-D: single-precision operand implicitly converted to double-precision
..\User\main.c(1434): warning:  #1035-D: single-precision operand implicitly converted to double-precision
..\User\main.c(1446): warning:  #1035-D: single-precision operand implicitly converted to double-precision
..\User\main.c(1581): warning:  #1035-D: single-precision operand implicitly converted to double-precision
..\User\main.c(1592): warning:  #1035-D: single-precision operand implicitly converted to double-precision
..\User\main.c(1738): warning:  #1035-D: single-precision operand implicitly converted to double-precision
..\User\main.c(1751): warning:  #1035-D: single-precision operand implicitly converted to double-precision
..\User\main.c(1023): warning:  #550-D: variable "status" was set but never used
..\User\main.c(1041): warning:  #177-D: variable "gl" was declared but never referenced
..\User\main.c(1042): warning:  #550-D: variable "wugongkvar_95" was set but never used
..\User\main.c(1056): warning:  #550-D: variable "ON_HOLD_para" was set but never used
linking...
Program Size: Code=55488 RO-data=27048 RW-data=296 ZI-data=21848  
FromELF: creating hex file...
".\Out\Project.axf" - 0 Error(s), 18 Warning(s).
Load "C:\\Users\\Administrator\\Documents\\GitHub\\fast_control_github\\uCOSII2.91+UCGUI3.90A\\MDK_Project\\Out\\Project.AXF" 
* JLink Info: Device "STM32F407VE" selected (512 KB flash, 128 KB RAM).
Set JLink Project File to "C:\Users\Administrator\Documents\GitHub\fast_control_github\uCOSII2.91+UCGUI3.90A\MDK_Project\JLinkSettings.ini"
 
JLink info:
------------
DLL: V4.40c, compiled Jan 24 2012 09:30:33
Firmware: J-Link ARM-OB STM32 compiled Aug 22 2012 19:52:04
Hardware: V7.00
S/N : 20141017 
Feature(s) : RDI,FlashDL,FlashBP,JFlash,GDBFull 
 
* JLink Info: Found SWD-DP with ID 0x2BA01477
* JLink Info: TPIU fitted.
* JLink Info: ETM fitted.
* JLink Info:   FPUnit: 6 code (BP) slots and 2 literal slots
* JLink Info: Found Cortex-M4 r0p1, Little endian.
ROMTableAddr = 0xE00FF003
* JLink Info: Found SWD-DP with ID 0x2BA01477
* JLink Info: TPIU fitted.
* JLink Info: ETM fitted.
* JLink Info:   FPUnit: 6 code (BP) slots and 2 literal slots
* JLink Info: Found Cortex-M4 r0p1, Little endian.
 
Target info:
------------
Device: STM32F407VE
VTarget = 3.300V
State of Pins: 
TCK: 0, TDI: 0, TDO: 1, TMS: 0, TRES: 1, TRST: 1
Hardware-Breakpoints: 6
Software-Breakpoints: 8192
Watchpoints:          4
JTAG speed: 2000 kHz
 
Erase Done.
Programming Done.
Verify OK.
* JLink Info: Found SWD-DP with ID 0x2BA01477
* JLink Info: TPIU fitted.
* JLink Info: ETM fitted.
* JLink Info:   FPUnit: 6 code (BP) slots and 2 literal slots
* JLink Info: Found Cortex-M4 r0p1, Little endian.
Application running ...
